// Jest Snapshot v1, https://goo.gl/fbAQLP

exports[`teste componente task renders correctly 1`] = `
<div>
  <h3 />
</div>
`;
